// Jest Snapshot v1, https://goo.gl/fbAQLP

exports[`renders Text 1`] = `
<Text
  allowFontScaling={false}
  style={
    Object {
      "color": "#1A1A1A",
      "fontFamily": "Arial",
      "fontSize": 15,
    }
  }
>
  test
</Text>
`;
